
> personal-finance-dashboard@0.0.0 build
> vite build

[36mvite v7.3.1 [32mbuilding client environment for production...[36m[39m
transforming...
[32mΓ£ô[39m 11 modules transformed.
node.exe : 
[31mΓ£ù[39m Build 
failed in 527ms
At C:\Program Files\no
dejs\npm.ps1:29 char:3
+   & $NODE_EXE 
$NPM_CLI_JS $args
+   ~~~~~~~~~~~~~~~~~~
~~~~~~~~~~~
    + CategoryInfo    
          : NotSpeci  
  fied: ([31mΓ£ù[   
 39m Build failed     
in 527ms:String)     
[], RemoteExcepti    
on
    + FullyQualifiedE 
   rrorId : NativeCo  
  mmandError
 
[31merror during 
build:
[31m[vite:css] 
[postcss] It looks 
like you're trying to 
use `tailwindcss` 
directly as a PostCSS 
plugin. The PostCSS 
plugin has moved to a 
separate package, so 
to continue using 
Tailwind CSS with 
PostCSS you'll need 
to install `@tailwindc
ss/postcss` and 
update your PostCSS 
configuration.[31m
file: [36mC:/Users/ti
war/OneDrive/Desktop/C
V Projects/personal-fi
nance-dashboard/src/in
dex.css:undefined:NaN
[31m
    at at (C:\Users\ti
war\OneDrive\Desktop\C
V Projects\personal-fi
nance-dashboard\node_m
odules\tailwindcss\dis
t\lib.js:38:1643)
    at 
LazyResult.runOnRoot (
C:\Users\tiwar\OneDriv
e\Desktop\CV Projects\
personal-finance-dashb
oard\node_modules\post
css\lib\lazy-result.js
:361:16)
    at 
LazyResult.runAsync (C
:\Users\tiwar\OneDrive
\Desktop\CV Projects\p
ersonal-finance-dashbo
ard\node_modules\postc
ss\lib\lazy-result.js:
290:26)
    at 
LazyResult.async (C:\U
sers\tiwar\OneDrive\De
sktop\CV Projects\pers
onal-finance-dashboard
\node_modules\postcss\
lib\lazy-result.js:192
:30)
    at 
LazyResult.then (C:\Us
ers\tiwar\OneDrive\Des
ktop\CV Projects\perso
nal-finance-dashboard\
node_modules\postcss\l
ib\lazy-result.js:436:
17)[39m
